../Core/Inc/mbedtls/md.h:246:29:mbedtls_md_get_size_from_type	16	static
../Core/Inc/psa/crypto_struct.h:383:20:psa_extend_key_usage_flags	16	static
../Core/Inc/psa/crypto_struct.h:394:20:psa_set_key_usage_flags	16	static
../Core/Inc/psa/crypto_struct.h:407:20:psa_set_key_algorithm	16	static
../Core/Inc/psa/crypto_struct.h:413:31:psa_get_key_algorithm	16	static
../Core/Inc/psa/crypto_struct.h:419:20:psa_set_key_type	16	static
../Core/Inc/psa/crypto_struct.h:425:30:psa_get_key_type	16	static
../Core/Inc/psa/crypto_struct.h:431:20:psa_set_key_bits	16	static
../Core/Inc/psa/crypto_struct.h:441:22:psa_get_key_bits	16	static
../Core/Inc/psa/crypto_extra.h:58:20:psa_set_key_enrollment_algorithm	16	static
../Core/Inc/mbedtls/pk.h:439:22:mbedtls_pk_get_len	16	static
../Core/Inc/mbedtls/pk.h:1037:36:mbedtls_pk_rsa	16	static
../Core/Inc/mbedtls/psa_util.h:121:31:mbedtls_md_psa_alg_from_type	16	static
../Core/Inc/mbedtls/psa_util.h:138:33:mbedtls_md_type_from_psa_alg	16	static
../Core/Inc/pk_internal.h:60:42:mbedtls_pk_ec_ro	16	static
../Core/Src/mbedtls/pk.c:45:6:mbedtls_pk_init	16	static
../Core/Src/mbedtls/pk.c:63:6:mbedtls_pk_free	16	static
../Core/Src/mbedtls/pk.c:114:26:mbedtls_pk_info_from_type	16	static
../Core/Src/mbedtls/pk.c:140:5:mbedtls_pk_setup	16	static
../Core/Src/mbedtls/pk.c:199:5:mbedtls_pk_setup_rsa_alt	32	static
../Core/Src/mbedtls/pk.c:231:5:mbedtls_pk_can_do	16	static
../Core/Src/mbedtls/pk.c:384:24:psa_algorithm_for_rsa	24	static
../Core/Src/mbedtls/pk.c:404:5:mbedtls_pk_get_psa_attributes	80	static
../Core/Src/mbedtls/pk.c:645:12:import_pair_into_psa	2432	static
../Core/Src/mbedtls/pk.c:739:12:import_public_into_psa	1096	static
../Core/Src/mbedtls/pk.c:842:5:mbedtls_pk_import_into_psa	32	static
../Core/Src/mbedtls/pk.c:864:12:copy_from_psa	2456	static
../Core/Src/mbedtls/pk.c:981:5:mbedtls_pk_copy_from_psa	16	static
../Core/Src/mbedtls/pk.c:987:5:mbedtls_pk_copy_public_from_psa	16	static
../Core/Src/mbedtls/pk.c:997:19:pk_hashlen_helper	16	static
../Core/Src/mbedtls/pk.c:1042:5:mbedtls_pk_verify_restartable	40	static
../Core/Src/mbedtls/pk.c:1092:5:mbedtls_pk_verify	40	static
../Core/Src/mbedtls/pk.c:1103:5:mbedtls_pk_verify_ext	56	static
../Core/Src/mbedtls/pk.c:1233:5:mbedtls_pk_sign_restartable	56	static
../Core/Src/mbedtls/pk.c:1287:5:mbedtls_pk_sign	48	static
../Core/Src/mbedtls/pk.c:1300:5:mbedtls_pk_sign_ext	56	static
../Core/Src/mbedtls/pk.c:1378:5:mbedtls_pk_decrypt	48	static
../Core/Src/mbedtls/pk.c:1398:5:mbedtls_pk_encrypt	48	static
../Core/Src/mbedtls/pk.c:1418:5:mbedtls_pk_check_pair	32	static
../Core/Src/mbedtls/pk.c:1455:8:mbedtls_pk_get_bitlen	16	static
../Core/Src/mbedtls/pk.c:1469:5:mbedtls_pk_debug	16	static
../Core/Src/mbedtls/pk.c:1486:13:mbedtls_pk_get_name	16	static
../Core/Src/mbedtls/pk.c:1498:19:mbedtls_pk_get_type	16	static
