../Core/Inc/psa_crypto_core_common.h:29:30:psa_crypto_buffer_offset	16	static
../Core/Inc/psa/crypto_values.h:2474:19:mbedtls_svc_key_id_is_null	16	static
../Core/Inc/psa/crypto_struct.h:350:36:psa_get_key_id	16	static
../Core/Inc/psa/crypto_struct.h:377:34:psa_get_key_lifetime	16	static
../Core/Inc/psa/crypto_struct.h:383:20:psa_extend_key_usage_flags	16	static
../Core/Inc/psa/crypto_struct.h:394:20:psa_set_key_usage_flags	16	static
../Core/Inc/psa/crypto_struct.h:419:20:psa_set_key_type	16	static
../Core/Inc/psa/crypto_struct.h:425:30:psa_get_key_type	16	static
../Core/Inc/psa/crypto_struct.h:431:20:psa_set_key_bits	16	static
../Core/Inc/psa/crypto_struct.h:441:22:psa_get_key_bits	16	static
../Core/Inc/psa_crypto_driver_wrappers.h:72:28:psa_driver_wrapper_init	16	static
../Core/Inc/psa_crypto_driver_wrappers.h:96:20:psa_driver_wrapper_free	4	static
../Core/Inc/psa_crypto_driver_wrappers.h:111:28:psa_driver_wrapper_sign_message	56	static
../Core/Inc/psa_crypto_driver_wrappers.h:186:28:psa_driver_wrapper_verify_message	48	static
../Core/Inc/psa_crypto_driver_wrappers.h:257:28:psa_driver_wrapper_sign_hash	56	static
../Core/Inc/psa_crypto_driver_wrappers.h:361:28:psa_driver_wrapper_verify_hash	48	static
../Core/Inc/psa_crypto_driver_wrappers.h:462:24:psa_driver_wrapper_sign_hash_get_num_ops	16	static
../Core/Inc/psa_crypto_driver_wrappers.h:486:24:psa_driver_wrapper_verify_hash_get_num_ops	16	static
../Core/Inc/psa_crypto_driver_wrappers.h:511:28:psa_driver_wrapper_sign_hash_start	48	static
../Core/Inc/psa_crypto_driver_wrappers.h:556:28:psa_driver_wrapper_sign_hash_complete	24	static
../Core/Inc/psa_crypto_driver_wrappers.h:583:28:psa_driver_wrapper_sign_hash_abort	16	static
../Core/Inc/psa_crypto_driver_wrappers.h:602:28:psa_driver_wrapper_verify_hash_start	56	static
../Core/Inc/psa_crypto_driver_wrappers.h:649:28:psa_driver_wrapper_verify_hash_complete	16	static
../Core/Inc/psa_crypto_driver_wrappers.h:670:28:psa_driver_wrapper_verify_hash_abort	16	static
../Core/Inc/psa_crypto_driver_wrappers.h:702:28:psa_driver_wrapper_get_key_buffer_size_from_key_data	32	static
../Core/Inc/psa_crypto_driver_wrappers.h:731:28:psa_driver_wrapper_generate_key	56	static
../Core/Inc/psa_crypto_driver_wrappers.h:837:28:psa_driver_wrapper_import_key	48	static
../Core/Inc/psa_crypto_driver_wrappers.h:950:28:psa_driver_wrapper_export_key	40	static
../Core/Inc/psa_crypto_driver_wrappers.h:1015:28:psa_driver_wrapper_copy_key	32	static
../Core/Inc/psa_crypto_driver_wrappers.h:1070:28:psa_driver_wrapper_cipher_encrypt	64	static
../Core/Inc/psa_crypto_driver_wrappers.h:1162:28:psa_driver_wrapper_cipher_decrypt	56	static
../Core/Inc/psa_crypto_driver_wrappers.h:1244:28:psa_driver_wrapper_cipher_encrypt_setup	40	static
../Core/Inc/psa_crypto_driver_wrappers.h:1317:28:psa_driver_wrapper_cipher_decrypt_setup	40	static
../Core/Inc/psa_crypto_driver_wrappers.h:1390:28:psa_driver_wrapper_cipher_set_iv	24	static
../Core/Inc/psa_crypto_driver_wrappers.h:1425:28:psa_driver_wrapper_cipher_update	32	static
../Core/Inc/psa_crypto_driver_wrappers.h:1471:28:psa_driver_wrapper_cipher_finish	24	static
../Core/Inc/psa_crypto_driver_wrappers.h:1509:28:psa_driver_wrapper_cipher_abort	24	static
../Core/Inc/psa_crypto_driver_wrappers.h:1549:28:psa_driver_wrapper_hash_compute	40	static
../Core/Inc/psa_crypto_driver_wrappers.h:1585:28:psa_driver_wrapper_hash_setup	24	static
../Core/Inc/psa_crypto_driver_wrappers.h:1618:28:psa_driver_wrapper_hash_clone	16	static
../Core/Inc/psa_crypto_driver_wrappers.h:1643:28:psa_driver_wrapper_hash_update	24	static
../Core/Inc/psa_crypto_driver_wrappers.h:1668:28:psa_driver_wrapper_hash_finish	24	static
../Core/Inc/psa_crypto_driver_wrappers.h:1695:28:psa_driver_wrapper_hash_abort	16	static
../Core/Inc/psa_crypto_driver_wrappers.h:1714:28:psa_driver_wrapper_aead_encrypt	72	static
../Core/Inc/psa_crypto_driver_wrappers.h:1766:28:psa_driver_wrapper_aead_decrypt	72	static
../Core/Inc/psa_crypto_driver_wrappers.h:1818:28:psa_driver_wrapper_aead_encrypt_setup	40	static
../Core/Inc/psa_crypto_driver_wrappers.h:1866:28:psa_driver_wrapper_aead_decrypt_setup	40	static
../Core/Inc/psa_crypto_driver_wrappers.h:1916:28:psa_driver_wrapper_aead_set_nonce	24	static
../Core/Inc/psa_crypto_driver_wrappers.h:1950:28:psa_driver_wrapper_aead_set_lengths	24	static
../Core/Inc/psa_crypto_driver_wrappers.h:1984:28:psa_driver_wrapper_aead_update_ad	24	static
../Core/Inc/psa_crypto_driver_wrappers.h:2018:28:psa_driver_wrapper_aead_update	32	static
../Core/Inc/psa_crypto_driver_wrappers.h:2060:28:psa_driver_wrapper_aead_finish	40	static
../Core/Inc/psa_crypto_driver_wrappers.h:2105:28:psa_driver_wrapper_aead_verify	64	static
../Core/Inc/psa_crypto_driver_wrappers.h:2168:28:psa_driver_wrapper_aead_abort	16	static
../Core/Inc/psa_crypto_driver_wrappers.h:2197:28:psa_driver_wrapper_mac_compute	56	static
../Core/Inc/psa_crypto_driver_wrappers.h:2265:28:psa_driver_wrapper_mac_sign_setup	40	static
../Core/Inc/psa_crypto_driver_wrappers.h:2337:28:psa_driver_wrapper_mac_verify_setup	40	static
../Core/Inc/psa_crypto_driver_wrappers.h:2409:28:psa_driver_wrapper_mac_update	24	static
../Core/Inc/psa_crypto_driver_wrappers.h:2442:28:psa_driver_wrapper_mac_sign_finish	24	static
../Core/Inc/psa_crypto_driver_wrappers.h:2477:28:psa_driver_wrapper_mac_verify_finish	24	static
../Core/Inc/psa_crypto_driver_wrappers.h:2510:28:psa_driver_wrapper_mac_abort	16	static
../Core/Inc/psa_crypto_driver_wrappers.h:2538:28:psa_driver_wrapper_asymmetric_encrypt	64	static
../Core/Inc/psa_crypto_driver_wrappers.h:2596:28:psa_driver_wrapper_asymmetric_decrypt	64	static
../Core/Inc/psa_crypto_driver_wrappers.h:2654:28:psa_driver_wrapper_key_agreement	56	static
../Core/Inc/psa_crypto_driver_wrappers.h:2741:28:psa_driver_wrapper_pake_setup	24	static
../Core/Inc/psa_crypto_driver_wrappers.h:2783:28:psa_driver_wrapper_pake_output	32	static
../Core/Inc/psa_crypto_driver_wrappers.h:2815:28:psa_driver_wrapper_pake_input	24	static
../Core/Inc/psa_crypto_driver_wrappers.h:2847:28:psa_driver_wrapper_pake_get_implicit_key	24	static
../Core/Inc/psa_crypto_driver_wrappers.h:2876:28:psa_driver_wrapper_pake_abort	16	static
../Core/Inc/psa_crypto_slot_management.h:205:28:psa_key_slot_state_transition	16	static
../Core/Inc/psa_crypto_slot_management.h:300:19:psa_key_lifetime_is_external	16	static
../Core/Inc/psa_crypto_random_impl.h:79:20:mbedtls_psa_drbg_init	16	static
../Core/Inc/psa_crypto_random_impl.h:92:20:mbedtls_psa_drbg_free	16	static
../Core/Inc/psa_crypto_random_impl.h:112:19:mbedtls_psa_drbg_seed	32	static
../Core/Src/mbedtls/psa_crypto.c:86:12:key_type_is_raw_bytes	16	static
../Core/Src/mbedtls/psa_crypto.c:123:16:psa_get_initialized	16	static
../Core/Src/mbedtls/psa_crypto.c:151:16:psa_get_drivers_initialized	16	static
../Core/Src/mbedtls/psa_crypto.c:284:5:psa_can_do_hash	16	static
../Core/Src/mbedtls/psa_crypto.c:290:5:psa_can_do_cipher	16	static
../Core/Src/mbedtls/psa_crypto.c:301:12:psa_is_dh_key_size_valid	16	static
../Core/Src/mbedtls/psa_crypto.c:332:14:mbedtls_to_psa_error	24	static
../Core/Src/mbedtls/psa_crypto.c:590:13:psa_wipe_tag_output_buffer	32	static
../Core/Src/mbedtls/psa_crypto.c:609:14:psa_validate_unstructured_key_bit_size	16	static
../Core/Src/mbedtls/psa_crypto.c:679:38:psa_mac_key_can_do	16	static
../Core/Src/mbedtls/psa_crypto.c:705:14:psa_allocate_buffer_to_slot	16	static
../Core/Src/mbedtls/psa_crypto.c:721:14:psa_copy_key_material_into_slot	32	static
../Core/Src/mbedtls/psa_crypto.c:735:14:psa_import_key_into_slot	48	static
../Core/Src/mbedtls/psa_crypto.c:812:24:psa_key_policy_algorithm_intersection	48	static
../Core/Src/mbedtls/psa_crypto.c:911:12:psa_key_algorithm_permits	32	static
../Core/Src/mbedtls/psa_crypto.c:1009:21:psa_key_policy_permits	24	static
../Core/Src/mbedtls/psa_crypto.c:1049:21:psa_restrict_key_policy	32	static
../Core/Src/mbedtls/psa_crypto.c:1091:21:psa_get_and_lock_key_slot_with_policy	32	static
../Core/Src/mbedtls/psa_crypto.c:1157:21:psa_get_and_lock_transparent_key_slot_with_policy	32	static
../Core/Src/mbedtls/psa_crypto.c:1178:14:psa_remove_key_data_from_memory	16	static
../Core/Src/mbedtls/psa_crypto.c:1192:14:psa_wipe_key_slot	24	static
../Core/Src/mbedtls/psa_crypto.c:1264:14:psa_destroy_key	32	static
../Core/Src/mbedtls/psa_crypto.c:1414:14:psa_get_key_attributes	32	static
../Core/Src/mbedtls/psa_crypto.c:1453:21:psa_export_key_buffer_internal	24	static
../Core/Src/mbedtls/psa_crypto.c:1469:14:psa_export_key_internal	40	static
../Core/Src/mbedtls/psa_crypto.c:1491:14:psa_export_key	80	static
../Core/Src/mbedtls/psa_crypto.c:1539:14:psa_export_public_key_internal	40	static
../Core/Src/mbedtls/psa_crypto.c:1606:14:psa_export_public_key	80	static
../Core/Src/mbedtls/psa_crypto.c:1660:21:psa_validate_key_policy	16	static
../Core/Src/mbedtls/psa_crypto.c:1691:21:psa_validate_key_attributes	32	static
../Core/Src/mbedtls/psa_crypto.c:1765:21:psa_start_key_creation	48	static
../Core/Src/mbedtls/psa_crypto.c:1901:21:psa_finish_key_creation	32	static
../Core/Src/mbedtls/psa_crypto.c:1993:13:psa_fail_key_creation	16	static
../Core/Src/mbedtls/psa_crypto.c:2042:21:psa_validate_optional_attributes	16	static
../Core/Src/mbedtls/psa_crypto.c:2061:14:psa_import_key	80	static
../Core/Src/mbedtls/psa_crypto.c:2198:14:psa_copy_key	88	static
../Core/Src/mbedtls/psa_crypto.c:2309:14:psa_hash_abort	24	static
../Core/Src/mbedtls/psa_crypto.c:2322:14:psa_hash_setup	24	static
../Core/Src/mbedtls/psa_crypto.c:2352:14:psa_hash_update	48	static
../Core/Src/mbedtls/psa_crypto.c:2382:21:psa_hash_finish_internal	32	static
../Core/Src/mbedtls/psa_crypto.c:2401:14:psa_hash_finish	64	static
../Core/Src/mbedtls/psa_crypto.c:2419:14:psa_hash_verify	120	static
../Core/Src/mbedtls/psa_crypto.c:2456:14:psa_hash_compute	88	static
../Core/Src/mbedtls/psa_crypto.c:2483:14:psa_hash_compare	144	static
../Core/Src/mbedtls/psa_crypto.c:2526:14:psa_hash_clone	24	static
../Core/Src/mbedtls/psa_crypto.c:2548:14:psa_mac_abort	24	static
../Core/Src/mbedtls/psa_crypto.c:2563:21:psa_mac_finalize_alg_and_key_validation	40	static
../Core/Src/mbedtls/psa_crypto.c:2616:21:psa_mac_setup	48	static
../Core/Src/mbedtls/psa_crypto.c:2672:14:psa_mac_sign_setup	24	static
../Core/Src/mbedtls/psa_crypto.c:2679:14:psa_mac_verify_setup	24	static
../Core/Src/mbedtls/psa_crypto.c:2686:14:psa_mac_update	48	static
../Core/Src/mbedtls/psa_crypto.c:2720:14:psa_mac_sign_finish	64	static
../Core/Src/mbedtls/psa_crypto.c:2779:14:psa_mac_verify_finish	56	static
../Core/Src/mbedtls/psa_crypto.c:2813:21:psa_mac_compute_internal	72	static
../Core/Src/mbedtls/psa_crypto.c:2873:14:psa_mac_compute	96	static
../Core/Src/mbedtls/psa_crypto.c:2900:14:psa_mac_verify	152	static
../Core/Src/mbedtls/psa_crypto.c:2945:21:psa_sign_verify_check_alg	16	static
../Core/Src/mbedtls/psa_crypto.c:2967:21:psa_sign_internal	64	static
../Core/Src/mbedtls/psa_crypto.c:3033:21:psa_verify_internal	56	static
../Core/Src/mbedtls/psa_crypto.c:3078:14:psa_sign_message_builtin	120	static
../Core/Src/mbedtls/psa_crypto.c:3113:14:psa_sign_message	96	static
../Core/Src/mbedtls/psa_crypto.c:3138:14:psa_verify_message_builtin	112	static
../Core/Src/mbedtls/psa_crypto.c:3172:14:psa_verify_message	88	static
../Core/Src/mbedtls/psa_crypto.c:3197:14:psa_sign_hash_builtin	48	static
../Core/Src/mbedtls/psa_crypto.c:3245:14:psa_sign_hash	96	static
../Core/Src/mbedtls/psa_crypto.c:3271:14:psa_verify_hash_builtin	40	static
../Core/Src/mbedtls/psa_crypto.c:3318:14:psa_verify_hash	88	static
../Core/Src/mbedtls/psa_crypto.c:3343:14:psa_asymmetric_encrypt	144	static
../Core/Src/mbedtls/psa_crypto.c:3402:14:psa_asymmetric_decrypt	144	static
../Core/Src/mbedtls/psa_crypto.c:3467:6:psa_interruptible_set_max_ops	16	static
../Core/Src/mbedtls/psa_crypto.c:3472:10:psa_interruptible_get_max_ops	4	static
../Core/Src/mbedtls/psa_crypto.c:3477:10:psa_sign_hash_get_num_ops	16	static
../Core/Src/mbedtls/psa_crypto.c:3483:10:psa_verify_hash_get_num_ops	16	static
../Core/Src/mbedtls/psa_crypto.c:3489:21:psa_sign_hash_abort_internal	24	static
../Core/Src/mbedtls/psa_crypto.c:3512:14:psa_sign_hash_start	72	static
../Core/Src/mbedtls/psa_crypto.c:3576:14:psa_sign_hash_complete	64	static
../Core/Src/mbedtls/psa_crypto.c:3630:14:psa_sign_hash_abort	24	static
../Core/Src/mbedtls/psa_crypto.c:3647:21:psa_verify_hash_abort_internal	24	static
../Core/Src/mbedtls/psa_crypto.c:3670:14:psa_verify_hash_start	104	static
../Core/Src/mbedtls/psa_crypto.c:3736:14:psa_verify_hash_complete	24	static
../Core/Src/mbedtls/psa_crypto.c:3767:14:psa_verify_hash_abort	24	static
../Core/Src/mbedtls/psa_crypto.c:3789:6:mbedtls_psa_interruptible_set_max_ops	16	static
../Core/Src/mbedtls/psa_crypto.c:3810:10:mbedtls_psa_sign_hash_get_num_ops	16	static
../Core/Src/mbedtls/psa_crypto.c:3826:10:mbedtls_psa_verify_hash_get_num_ops	16	static
../Core/Src/mbedtls/psa_crypto.c:3842:14:mbedtls_psa_sign_hash_start	32	static
../Core/Src/mbedtls/psa_crypto.c:3916:14:mbedtls_psa_sign_hash_complete	24	static
../Core/Src/mbedtls/psa_crypto.c:4024:14:mbedtls_psa_sign_hash_abort	16	static
../Core/Src/mbedtls/psa_crypto.c:4055:14:mbedtls_psa_verify_hash_start	40	static
../Core/Src/mbedtls/psa_crypto.c:4160:14:mbedtls_psa_verify_hash_complete	16	static
../Core/Src/mbedtls/psa_crypto.c:4197:14:mbedtls_psa_verify_hash_abort	16	static
../Core/Src/mbedtls/psa_crypto.c:4230:21:psa_generate_random_internal	24	static
../Core/Src/mbedtls/psa_crypto.c:4280:21:psa_cipher_setup	48	static
../Core/Src/mbedtls/psa_crypto.c:4345:14:psa_cipher_encrypt_setup	24	static
../Core/Src/mbedtls/psa_crypto.c:4352:14:psa_cipher_decrypt_setup	24	static
../Core/Src/mbedtls/psa_crypto.c:4359:14:psa_cipher_generate_iv	64	static
../Core/Src/mbedtls/psa_crypto.c:4416:14:psa_cipher_set_iv	48	static
../Core/Src/mbedtls/psa_crypto.c:4457:14:psa_cipher_update	88	static
../Core/Src/mbedtls/psa_crypto.c:4500:14:psa_cipher_finish	64	static
../Core/Src/mbedtls/psa_crypto.c:4539:14:psa_cipher_abort	16	static
../Core/Src/mbedtls/psa_crypto.c:4557:14:psa_cipher_encrypt	160	static
../Core/Src/mbedtls/psa_crypto.c:4634:14:psa_cipher_decrypt	112	static
../Core/Src/mbedtls/psa_crypto.c:4696:24:psa_aead_get_base_algorithm	16	static
../Core/Src/mbedtls/psa_crypto.c:4702:21:psa_aead_check_nonce_length	24	static
../Core/Src/mbedtls/psa_crypto.c:4745:21:psa_aead_check_algorithm	16	static
../Core/Src/mbedtls/psa_crypto.c:4754:14:psa_aead_encrypt	168	static
../Core/Src/mbedtls/psa_crypto.c:4820:14:psa_aead_decrypt	168	static
../Core/Src/mbedtls/psa_crypto.c:4887:21:psa_validate_tag_length	24	static
../Core/Src/mbedtls/psa_crypto.c:4927:21:psa_aead_setup	48	static
../Core/Src/mbedtls/psa_crypto.c:5003:14:psa_aead_encrypt_setup	24	static
../Core/Src/mbedtls/psa_crypto.c:5011:14:psa_aead_decrypt_setup	24	static
../Core/Src/mbedtls/psa_crypto.c:5018:21:psa_aead_set_nonce_internal	32	static
../Core/Src/mbedtls/psa_crypto.c:5054:14:psa_aead_generate_nonce	80	static
../Core/Src/mbedtls/psa_crypto.c:5117:14:psa_aead_set_nonce	48	static
../Core/Src/mbedtls/psa_crypto.c:5139:14:psa_aead_set_lengths	32	static
../Core/Src/mbedtls/psa_crypto.c:5204:14:psa_aead_update_ad	48	static
../Core/Src/mbedtls/psa_crypto.c:5261:14:psa_aead_update	88	static
../Core/Src/mbedtls/psa_crypto.c:5329:21:psa_aead_final_checks	16	static
../Core/Src/mbedtls/psa_crypto.c:5344:14:psa_aead_finish	112	static
../Core/Src/mbedtls/psa_crypto.c:5398:14:psa_aead_verify	88	static
../Core/Src/mbedtls/psa_crypto.c:5440:14:psa_aead_abort	24	static
../Core/Src/mbedtls/psa_crypto.c:5473:21:psa_key_derivation_start_hmac	64	static
../Core/Src/mbedtls/psa_crypto.c:5503:24:psa_key_derivation_get_kdf_alg	16	static
../Core/Src/mbedtls/psa_crypto.c:5513:14:psa_key_derivation_abort	24	static
../Core/Src/mbedtls/psa_crypto.c:5583:14:psa_key_derivation_get_capacity	16	static
../Core/Src/mbedtls/psa_crypto.c:5595:14:psa_key_derivation_set_capacity	16	static
../Core/Src/mbedtls/psa_crypto.c:5610:21:psa_key_derivation_hkdf_read	48	static
../Core/Src/mbedtls/psa_crypto.c:5703:21:psa_key_derivation_tls12_prf_generate_next_block	440	static
../Core/Src/mbedtls/psa_crypto.c:5823:21:psa_key_derivation_tls12_prf_read	40	static
../Core/Src/mbedtls/psa_crypto.c:5875:21:psa_key_derivation_tls12_ecjpake_to_pms_read	40	static
../Core/Src/mbedtls/psa_crypto.c:6040:14:psa_key_derivation_output_bytes	72	static
../Core/Src/mbedtls/psa_crypto.c:6132:13:psa_des_set_key_parity	16	static
../Core/Src/mbedtls/psa_crypto.c:6177:21:psa_generate_derived_ecc_key_weierstrass_helper	168	static
../Core/Src/mbedtls/psa_crypto.c:6285:21:psa_generate_derived_ecc_key_montgomery_helper	32	static
../Core/Src/mbedtls/psa_crypto.c:6358:21:psa_generate_derived_key_internal	72	static
../Core/Src/mbedtls/psa_crypto.c:6445:5:psa_custom_key_parameters_are_default	16	static
../Core/Src/mbedtls/psa_crypto.c:6458:14:psa_key_derivation_output_key_custom	40	static
../Core/Src/mbedtls/psa_crypto.c:6514:14:psa_key_derivation_output_key_ext	32	static
../Core/Src/mbedtls/psa_crypto.c:6528:14:psa_key_derivation_output_key	32	static
../Core/Src/mbedtls/psa_crypto.c:6545:12:is_kdf_alg_supported	16	static
../Core/Src/mbedtls/psa_crypto.c:6590:21:psa_hash_try_support	256	static
../Core/Src/mbedtls/psa_crypto.c:6598:21:psa_key_derivation_set_maximum_capacity	32	static
../Core/Src/mbedtls/psa_crypto.c:6683:21:psa_key_derivation_setup_kdf	24	static
../Core/Src/mbedtls/psa_crypto.c:6701:21:psa_key_agreement_try_support	16	static
../Core/Src/mbedtls/psa_crypto.c:6717:12:psa_key_derivation_allows_free_form_secret_input	16	static
../Core/Src/mbedtls/psa_crypto.c:6730:14:psa_key_derivation_setup	32	static
../Core/Src/mbedtls/psa_crypto.c:6773:21:psa_hkdf_input	32	static
../Core/Src/mbedtls/psa_crypto.c:6905:21:psa_tls12_prf_set_seed	24	static
../Core/Src/mbedtls/psa_crypto.c:6928:21:psa_tls12_prf_set_key	24	static
../Core/Src/mbedtls/psa_crypto.c:6952:21:psa_tls12_prf_set_label	24	static
../Core/Src/mbedtls/psa_crypto.c:6975:21:psa_tls12_prf_input	24	static
../Core/Src/mbedtls/psa_crypto.c:6995:21:psa_tls12_prf_psk_to_ms_set_key	40	static
../Core/Src/mbedtls/psa_crypto.c:7059:21:psa_tls12_prf_psk_to_ms_set_other_key	24	static
../Core/Src/mbedtls/psa_crypto.c:7085:21:psa_tls12_prf_psk_to_ms_input	24	static
../Core/Src/mbedtls/psa_crypto.c:7110:21:psa_tls12_ecjpake_to_pms_input	24	static
../Core/Src/mbedtls/psa_crypto.c:7305:12:psa_key_derivation_check_input_type	16	static
../Core/Src/mbedtls/psa_crypto.c:7352:21:psa_key_derivation_input_internal	40	static
../Core/Src/mbedtls/psa_crypto.c:7412:21:psa_key_derivation_input_integer_internal	32	static
../Core/Src/mbedtls/psa_crypto.c:7439:14:psa_key_derivation_input_bytes	56	static
../Core/Src/mbedtls/psa_crypto.c:7460:14:psa_key_derivation_input_integer	24	static
../Core/Src/mbedtls/psa_crypto.c:7468:14:psa_key_derivation_input_key	48	static
../Core/Src/mbedtls/psa_crypto.c:7507:14:psa_key_agreement_raw_builtin	48	static
../Core/Src/mbedtls/psa_crypto.c:7559:21:psa_key_agreement_raw_internal	48	static
../Core/Src/mbedtls/psa_crypto.c:7583:21:psa_key_agreement_internal	1088	static
../Core/Src/mbedtls/psa_crypto.c:7618:14:psa_key_derivation_key_agreement	64	static
../Core/Src/mbedtls/psa_crypto.c:7662:14:psa_raw_key_agreement	112	static
../Core/Src/mbedtls/psa_crypto.c:7750:13:mbedtls_psa_random_init	16	static
../Core/Src/mbedtls/psa_crypto.c:7785:13:mbedtls_psa_random_free	16	static
../Core/Src/mbedtls/psa_crypto.c:7797:21:mbedtls_psa_random_seed	24	static
../Core/Src/mbedtls/psa_crypto.c:7811:14:psa_generate_random	56	static
../Core/Src/mbedtls/psa_crypto.c:7859:21:psa_validate_key_type_and_size_for_key_generation	24	static
../Core/Src/mbedtls/psa_crypto.c:7908:14:psa_generate_key_internal	40	static
../Core/Src/mbedtls/psa_crypto.c:7971:14:psa_generate_key_custom	56	static
../Core/Src/mbedtls/psa_crypto.c:8062:14:psa_generate_key_ext	32	static
../Core/Src/mbedtls/psa_crypto.c:8074:14:psa_generate_key	24	static
../Core/Src/mbedtls/psa_crypto.c:8088:14:mbedtls_psa_crypto_configure_entropy_sources	24	static
../Core/Src/mbedtls/psa_crypto.c:8114:6:mbedtls_psa_crypto_free	8	static
../Core/Src/mbedtls/psa_crypto.c:8190:21:mbedtls_psa_crypto_init_subsystem	24	static
../Core/Src/mbedtls/psa_crypto.c:8322:14:psa_crypto_init	16	static
../Core/Src/mbedtls/psa_crypto.c:8359:14:psa_crypto_driver_pake_get_password_len	16	static
../Core/Src/mbedtls/psa_crypto.c:8372:14:psa_crypto_driver_pake_get_password	24	static
../Core/Src/mbedtls/psa_crypto.c:8390:14:psa_crypto_driver_pake_get_user_len	16	static
../Core/Src/mbedtls/psa_crypto.c:8403:14:psa_crypto_driver_pake_get_user	24	static
../Core/Src/mbedtls/psa_crypto.c:8421:14:psa_crypto_driver_pake_get_peer_len	16	static
../Core/Src/mbedtls/psa_crypto.c:8434:14:psa_crypto_driver_pake_get_peer	24	static
../Core/Src/mbedtls/psa_crypto.c:8452:14:psa_crypto_driver_pake_get_cipher_suite	16	static
../Core/Src/mbedtls/psa_crypto.c:8465:14:psa_pake_setup	24	static
../Core/Src/mbedtls/psa_crypto.c:8511:14:psa_pake_set_password_key	40	static
../Core/Src/mbedtls/psa_crypto.c:8558:14:psa_pake_set_user	48	static
../Core/Src/mbedtls/psa_crypto.c:8602:14:psa_pake_set_peer	48	static
../Core/Src/mbedtls/psa_crypto.c:8646:14:psa_pake_set_role	24	static
../Core/Src/mbedtls/psa_crypto.c:8678:38:convert_jpake_computation_stage_to_driver_step	24	static
../Core/Src/mbedtls/psa_crypto.c:8705:21:psa_pake_complete_inputs	88	static
../Core/Src/mbedtls/psa_crypto.c:8749:21:psa_jpake_prologue	24	static
../Core/Src/mbedtls/psa_crypto.c:8788:21:psa_jpake_epilogue	24	static
../Core/Src/mbedtls/psa_crypto.c:8825:14:psa_pake_output	72	static
../Core/Src/mbedtls/psa_crypto.c:8902:14:psa_pake_input	56	static
../Core/Src/mbedtls/psa_crypto.c:8979:14:psa_pake_get_implicit_key	368	static
../Core/Src/mbedtls/psa_crypto.c:9028:14:psa_pake_abort	24	static
../Core/Src/mbedtls/psa_crypto.c:9079:14:psa_crypto_copy_input	24	static
../Core/Src/mbedtls/psa_crypto.c:9118:14:psa_crypto_copy_output	24	static
../Core/Src/mbedtls/psa_crypto.c:9144:14:psa_crypto_local_input_alloc	40	static
../Core/Src/mbedtls/psa_crypto.c:9180:6:psa_crypto_local_input_free	16	static
../Core/Src/mbedtls/psa_crypto.c:9187:14:psa_crypto_local_output_alloc	40	static
../Core/Src/mbedtls/psa_crypto.c:9207:14:psa_crypto_local_output_free	24	static
