../Core/Inc/mbedtls/psa_util.h:121:31:mbedtls_md_psa_alg_from_type	16	static
../Core/Inc/mbedtls/psa_util.h:138:33:mbedtls_md_type_from_psa_alg	16	static
../Core/Inc/ssl_misc.h:503:19:mbedtls_ssl_chk_buf_ptr	24	static
../Core/Inc/ssl_misc.h:1335:20:mbedtls_ssl_handshake_set_state	16	static
../Core/Inc/ssl_misc.h:1663:33:mbedtls_ssl_own_cert	24	static
../Core/Inc/ssl_misc.h:1909:19:mbedtls_ssl_conf_is_tls12_enabled	16	static
../Core/Inc/ssl_misc.h:1992:19:mbedtls_ssl_conf_tls13_is_kex_mode_enabled	16	static
../Core/Inc/ssl_misc.h:1998:19:mbedtls_ssl_conf_tls13_is_psk_enabled	16	static
../Core/Inc/ssl_misc.h:2004:19:mbedtls_ssl_conf_tls13_is_psk_ephemeral_enabled	16	static
../Core/Inc/ssl_misc.h:2010:19:mbedtls_ssl_conf_tls13_is_ephemeral_enabled	16	static
../Core/Inc/ssl_misc.h:2040:19:mbedtls_ssl_tls13_is_kex_mode_supported	16	static
../Core/Inc/ssl_misc.h:2046:19:mbedtls_ssl_tls13_is_psk_supported	16	static
../Core/Inc/ssl_misc.h:2052:19:mbedtls_ssl_tls13_is_psk_ephemeral_supported	16	static
../Core/Inc/ssl_misc.h:2071:19:mbedtls_ssl_tls13_is_some_psk_supported	16	static
../Core/Inc/ssl_misc.h:2090:20:mbedtls_ssl_tls13_set_hs_sent_ext_mask	16	static
../Core/Inc/ssl_misc.h:2100:19:mbedtls_ssl_tls13_key_exchange_mode_check	16	static
../Core/Inc/ssl_misc.h:2106:19:mbedtls_ssl_tls13_key_exchange_mode_with_psk	16	static
../Core/Inc/ssl_misc.h:2113:19:mbedtls_ssl_tls13_key_exchange_mode_with_ephemeral	16	static
../Core/Inc/ssl_misc.h:2301:27:mbedtls_ssl_get_groups	16	static
../Core/Inc/ssl_misc.h:2338:19:mbedtls_ssl_tls13_named_group_is_ecdhe	16	static
../Core/Inc/ssl_misc.h:2347:19:mbedtls_ssl_tls13_named_group_is_ffdh	16	static
../Core/Inc/ssl_misc.h:2353:19:mbedtls_ssl_named_group_is_offered	24	static
../Core/Inc/ssl_misc.h:2371:19:mbedtls_ssl_named_group_is_supported	16	static
../Core/Inc/ssl_misc.h:2404:27:mbedtls_ssl_get_sig_algs	16	static
../Core/Inc/ssl_misc.h:2442:19:mbedtls_ssl_tls13_sig_alg_for_cert_verify_is_supported	16	static
../Core/Inc/ssl_misc.h:2513:19:mbedtls_ssl_sig_alg_is_offered	24	static
../Core/Inc/ssl_misc.h:2790:19:mbedtls_ssl_tls13_cipher_suite_is_offered	24	static
../Core/Inc/ssl_misc.h:2961:20:mbedtls_ssl_tls13_session_set_ticket_flags	16	static
../Core/Inc/ssl_misc.h:2967:20:mbedtls_ssl_tls13_session_clear_ticket_flags	16	static
../Core/Src/mbedtls/ssl_tls13_server.c:24:41:ssl_tls13_validate_peer_ciphersuite	24	static
../Core/Src/mbedtls/ssl_tls13_server.c:42:13:ssl_tls13_select_ciphersuite	64	static
../Core/Src/mbedtls/ssl_tls13_server.c:109:12:ssl_tls13_parse_key_exchange_modes_ext	48	static
../Core/Src/mbedtls/ssl_tls13_server.c:183:12:ssl_tls13_offered_psks_check_identity_match_ticket	120	static
../Core/Src/mbedtls/ssl_tls13_server.c:330:12:ssl_tls13_offered_psks_check_identity_match	56	static
../Core/Src/mbedtls/ssl_tls13_server.c:405:12:ssl_tls13_offered_psks_check_binder_match	184	static
../Core/Src/mbedtls/ssl_tls13_server.c:464:12:ssl_tls13_session_copy_ticket	16	static
../Core/Src/mbedtls/ssl_tls13_server.c:518:12:ssl_tls13_parse_pre_shared_key_ext	624	static
../Core/Src/mbedtls/ssl_tls13_server.c:733:12:ssl_tls13_write_server_pre_shared_key_ext	64	static
../Core/Src/mbedtls/ssl_tls13_server.c:780:12:ssl_tls13_parse_supported_versions_ext	56	static
../Core/Src/mbedtls/ssl_tls13_server.c:839:12:ssl_tls13_parse_supported_groups_ext	72	static
../Core/Src/mbedtls/ssl_tls13_server.c:901:12:ssl_tls13_parse_key_shares_ext	88	static
../Core/Src/mbedtls/ssl_tls13_server.c:993:12:ssl_tls13_client_hello_has_exts	24	static
../Core/Src/mbedtls/ssl_tls13_server.c:1002:12:ssl_tls13_client_hello_has_exts_for_ephemeral_key_exchange	16	static
../Core/Src/mbedtls/ssl_tls13_server.c:1015:12:ssl_tls13_client_hello_has_exts_for_psk_key_exchange	16	static
../Core/Src/mbedtls/ssl_tls13_server.c:1027:12:ssl_tls13_client_hello_has_exts_for_psk_ephemeral_key_exchange	16	static
../Core/Src/mbedtls/ssl_tls13_server.c:1041:12:ssl_tls13_key_exchange_is_psk_available	16	static
../Core/Src/mbedtls/ssl_tls13_server.c:1054:12:ssl_tls13_key_exchange_is_psk_ephemeral_available	16	static
../Core/Src/mbedtls/ssl_tls13_server.c:1068:12:ssl_tls13_key_exchange_is_ephemeral_available	16	static
../Core/Src/mbedtls/ssl_tls13_server.c:1115:12:ssl_tls13_pick_key_cert	48	static
../Core/Src/mbedtls/ssl_tls13_server.c:1249:12:ssl_tls13_parse_client_hello	216	static
../Core/Src/mbedtls/ssl_tls13_server.c:1892:12:ssl_tls13_postprocess_client_hello	32	static
../Core/Src/mbedtls/ssl_tls13_server.c:1947:12:ssl_tls13_process_client_hello	40	static
../Core/Src/mbedtls/ssl_tls13_server.c:2011:12:ssl_tls13_prepare_server_hello	48	static
../Core/Src/mbedtls/ssl_tls13_server.c:2041:12:ssl_tls13_write_server_hello_supported_versions_ext	48	static
../Core/Src/mbedtls/ssl_tls13_server.c:2082:12:ssl_tls13_generate_and_write_key_share	40	static
../Core/Src/mbedtls/ssl_tls13_server.c:2131:12:ssl_tls13_write_key_share_ext	88	static
../Core/Src/mbedtls/ssl_tls13_server.c:2182:12:ssl_tls13_write_hrr_key_share_ext	64	static
../Core/Src/mbedtls/ssl_tls13_server.c:2259:12:ssl_tls13_write_server_hello_body	88	static
../Core/Src/mbedtls/ssl_tls13_server.c:2400:12:ssl_tls13_finalize_server_hello	32	static
../Core/Src/mbedtls/ssl_tls13_server.c:2415:12:ssl_tls13_write_server_hello	40	static
../Core/Src/mbedtls/ssl_tls13_server.c:2463:12:ssl_tls13_prepare_hello_retry_request	32	static
../Core/Src/mbedtls/ssl_tls13_server.c:2488:12:ssl_tls13_write_hello_retry_request	40	static
../Core/Src/mbedtls/ssl_tls13_server.c:2542:12:ssl_tls13_write_encrypted_extensions_body	72	static
../Core/Src/mbedtls/ssl_tls13_server.c:2607:12:ssl_tls13_write_encrypted_extensions	40	static
../Core/Src/mbedtls/ssl_tls13_server.c:2662:12:ssl_tls13_certificate_request_coordinate	24	static
../Core/Src/mbedtls/ssl_tls13_server.c:2691:12:ssl_tls13_write_certificate_request_body	64	static
../Core/Src/mbedtls/ssl_tls13_server.c:2742:12:ssl_tls13_write_certificate_request	40	static
../Core/Src/mbedtls/ssl_tls13_server.c:2787:12:ssl_tls13_write_server_certificate	32	static
../Core/Src/mbedtls/ssl_tls13_server.c:2813:12:ssl_tls13_write_certificate_verify	24	static
../Core/Src/mbedtls/ssl_tls13_server.c:2864:13:ssl_tls13_prepare_for_handshake_second_flight	24	static
../Core/Src/mbedtls/ssl_tls13_server.c:2881:12:ssl_tls13_write_server_finished	32	static
../Core/Src/mbedtls/ssl_tls13_server.c:3074:12:ssl_tls13_process_client_finished	32	static
../Core/Src/mbedtls/ssl_tls13_server.c:3097:12:ssl_tls13_handshake_wrapup	24	static
../Core/Src/mbedtls/ssl_tls13_server.c:3128:12:ssl_tls13_write_new_session_ticket_coordinate	24	static
../Core/Src/mbedtls/ssl_tls13_server.c:3152:12:ssl_tls13_prepare_new_session_ticket	72	static
../Core/Src/mbedtls/ssl_tls13_server.c:3282:12:ssl_tls13_write_new_session_ticket_body	104	static
../Core/Src/mbedtls/ssl_tls13_server.c:3402:12:ssl_tls13_write_new_session_ticket	72	static
../Core/Src/mbedtls/ssl_tls13_server.c:3452:5:mbedtls_ssl_tls13_handshake_server_step	40	static
