../Core/Inc/mbedtls/psa_util.h:121:31:mbedtls_md_psa_alg_from_type	16	static
../Core/Inc/mbedtls/psa_util.h:138:33:mbedtls_md_type_from_psa_alg	16	static
../Core/Inc/ssl_misc.h:503:19:mbedtls_ssl_chk_buf_ptr	24	static
../Core/Inc/ssl_misc.h:1335:20:mbedtls_ssl_handshake_set_state	16	static
../Core/Inc/ssl_misc.h:1663:33:mbedtls_ssl_own_cert	24	static
../Core/Inc/ssl_misc.h:1992:19:mbedtls_ssl_conf_tls13_is_kex_mode_enabled	16	static
../Core/Inc/ssl_misc.h:1998:19:mbedtls_ssl_conf_tls13_is_psk_enabled	16	static
../Core/Inc/ssl_misc.h:2004:19:mbedtls_ssl_conf_tls13_is_psk_ephemeral_enabled	16	static
../Core/Inc/ssl_misc.h:2016:19:mbedtls_ssl_conf_tls13_is_some_ephemeral_enabled	16	static
../Core/Inc/ssl_misc.h:2022:19:mbedtls_ssl_conf_tls13_is_some_psk_enabled	16	static
../Core/Inc/ssl_misc.h:2090:20:mbedtls_ssl_tls13_set_hs_sent_ext_mask	16	static
../Core/Inc/ssl_misc.h:2100:19:mbedtls_ssl_tls13_key_exchange_mode_check	16	static
../Core/Inc/ssl_misc.h:2106:19:mbedtls_ssl_tls13_key_exchange_mode_with_psk	16	static
../Core/Inc/ssl_misc.h:2301:27:mbedtls_ssl_get_groups	16	static
../Core/Inc/ssl_misc.h:2338:19:mbedtls_ssl_tls13_named_group_is_ecdhe	16	static
../Core/Inc/ssl_misc.h:2347:19:mbedtls_ssl_tls13_named_group_is_ffdh	16	static
../Core/Inc/ssl_misc.h:2790:19:mbedtls_ssl_tls13_cipher_suite_is_offered	24	static
../Core/Inc/ssl_misc.h:2921:28:mbedtls_ssl_tls13_session_get_ticket_flags	16	static
../Core/Inc/ssl_misc.h:2961:20:mbedtls_ssl_tls13_session_set_ticket_flags	16	static
../Core/Inc/ssl_misc.h:2967:20:mbedtls_ssl_tls13_session_clear_ticket_flags	16	static
../Core/Src/mbedtls/ssl_tls13_client.c:27:12:local_err_translation	16	static
../Core/Src/mbedtls/ssl_tls13_client.c:46:12:ssl_tls13_write_supported_versions_ext	56	static
../Core/Src/mbedtls/ssl_tls13_client.c:98:12:ssl_tls13_parse_supported_versions_ext	32	static
../Core/Src/mbedtls/ssl_tls13_client.c:127:12:ssl_tls13_parse_alpn_ext	64	static
../Core/Src/mbedtls/ssl_tls13_client.c:175:12:ssl_tls13_reset_key_share	40	static
../Core/Src/mbedtls/ssl_tls13_client.c:213:12:ssl_tls13_get_default_group_id	24	static
../Core/Src/mbedtls/ssl_tls13_client.c:264:12:ssl_tls13_write_key_share_ext	96	static
../Core/Src/mbedtls/ssl_tls13_client.c:376:12:ssl_tls13_parse_hrr_key_share_ext	64	static
../Core/Src/mbedtls/ssl_tls13_client.c:465:12:ssl_tls13_parse_key_share_ext	64	static
../Core/Src/mbedtls/ssl_tls13_client.c:529:12:ssl_tls13_parse_cookie_ext	64	static
../Core/Src/mbedtls/ssl_tls13_client.c:562:12:ssl_tls13_write_cookie_ext	72	static
../Core/Src/mbedtls/ssl_tls13_client.c:610:12:ssl_tls13_write_psk_key_exchange_modes_ext	56	static
../Core/Src/mbedtls/ssl_tls13_client.c:670:24:ssl_tls13_get_ciphersuite_hash_alg	24	static
../Core/Src/mbedtls/ssl_tls13_client.c:682:12:ssl_tls13_has_configured_ticket	24	static
../Core/Src/mbedtls/ssl_tls13_client.c:704:12:ssl_tls13_ticket_get_identity	32	static
../Core/Src/mbedtls/ssl_tls13_client.c:722:12:ssl_tls13_ticket_get_psk	32	static
../Core/Src/mbedtls/ssl_tls13_client.c:743:12:ssl_tls13_psk_get_identity	24	static
../Core/Src/mbedtls/ssl_tls13_client.c:760:12:ssl_tls13_psk_get_psk	24	static
../Core/Src/mbedtls/ssl_tls13_client.c:776:12:ssl_tls13_get_configured_psk_count	32	static
../Core/Src/mbedtls/ssl_tls13_client.c:793:12:ssl_tls13_write_identity	56	static
../Core/Src/mbedtls/ssl_tls13_client.c:823:12:ssl_tls13_write_binder	120	static
../Core/Src/mbedtls/ssl_tls13_client.c:894:5:mbedtls_ssl_tls13_write_identities_of_pre_shared_key_ext	112	static
../Core/Src/mbedtls/ssl_tls13_client.c:998:5:mbedtls_ssl_tls13_write_binders_of_pre_shared_key_ext	72	static
../Core/Src/mbedtls/ssl_tls13_client.c:1074:12:ssl_tls13_parse_server_pre_shared_key_ext	64	static
../Core/Src/mbedtls/ssl_tls13_client.c:1133:5:mbedtls_ssl_tls13_write_client_hello_exts	40	static
../Core/Src/mbedtls/ssl_tls13_client.c:1236:5:mbedtls_ssl_tls13_finalize_client_hello	16	static
../Core/Src/mbedtls/ssl_tls13_client.c:1333:12:ssl_tls13_is_supported_versions_ext_present	48	static
../Core/Src/mbedtls/ssl_tls13_client.c:1374:12:ssl_tls13_is_downgrade_negotiation	40	static
../Core/Src/mbedtls/ssl_tls13_client.c:1406:12:ssl_server_hello_is_hrr	32	static
../Core/Src/mbedtls/ssl_tls13_client.c:1445:12:ssl_tls13_preprocess_server_hello	40	static
../Core/Src/mbedtls/ssl_tls13_client.c:1544:12:ssl_tls13_check_server_hello_session_id_echo	48	static
../Core/Src/mbedtls/ssl_tls13_client.c:1591:12:ssl_tls13_parse_server_hello	128	static
../Core/Src/mbedtls/ssl_tls13_client.c:1846:20:ssl_tls13_get_kex_mode_str	16	static
../Core/Src/mbedtls/ssl_tls13_client.c:1862:12:ssl_tls13_postprocess_server_hello	40	static
../Core/Src/mbedtls/ssl_tls13_client.c:1963:12:ssl_tls13_postprocess_hrr	24	static
../Core/Src/mbedtls/ssl_tls13_client.c:1996:12:ssl_tls13_process_server_hello	48	static
../Core/Src/mbedtls/ssl_tls13_client.c:2068:12:ssl_tls13_parse_encrypted_extensions	120	static
../Core/Src/mbedtls/ssl_tls13_client.c:2189:12:ssl_tls13_process_encrypted_extensions	40	static
../Core/Src/mbedtls/ssl_tls13_client.c:2367:12:ssl_tls13_certificate_request_coordinate	32	static
../Core/Src/mbedtls/ssl_tls13_client.c:2397:12:ssl_tls13_parse_certificate_request	112	static
../Core/Src/mbedtls/ssl_tls13_client.c:2518:12:ssl_tls13_process_certificate_request	40	static
../Core/Src/mbedtls/ssl_tls13_client.c:2560:12:ssl_tls13_process_server_certificate	24	static
../Core/Src/mbedtls/ssl_tls13_client.c:2577:12:ssl_tls13_process_certificate_verify	24	static
../Core/Src/mbedtls/ssl_tls13_client.c:2595:12:ssl_tls13_process_server_finished	24	static
../Core/Src/mbedtls/ssl_tls13_client.c:2634:12:ssl_tls13_write_client_certificate	32	static
../Core/Src/mbedtls/ssl_tls13_client.c:2673:12:ssl_tls13_write_client_certificate_verify	24	static
../Core/Src/mbedtls/ssl_tls13_client.c:2689:12:ssl_tls13_write_client_finished	32	static
../Core/Src/mbedtls/ssl_tls13_client.c:2713:12:ssl_tls13_flush_buffers	24	static
../Core/Src/mbedtls/ssl_tls13_client.c:2724:12:ssl_tls13_handshake_wrapup	16	static
../Core/Src/mbedtls/ssl_tls13_client.c:2767:12:ssl_tls13_parse_new_session_ticket_exts	72	static
../Core/Src/mbedtls/ssl_tls13_client.c:2838:12:ssl_tls13_parse_new_session_ticket	96	static
../Core/Src/mbedtls/ssl_tls13_client.c:2937:12:ssl_tls13_postprocess_new_session_ticket	72	static
../Core/Src/mbedtls/ssl_tls13_client.c:3014:12:ssl_tls13_process_new_session_ticket	48	static
../Core/Src/mbedtls/ssl_tls13_client.c:3069:5:mbedtls_ssl_tls13_handshake_client_step	32	static
