../Core/Inc/mbedtls/cipher.h:477:22:mbedtls_cipher_info_get_key_bitlen	16	static
../Core/Inc/psa/crypto_struct.h:383:20:psa_extend_key_usage_flags	16	static
../Core/Inc/psa/crypto_struct.h:394:20:psa_set_key_usage_flags	16	static
../Core/Inc/psa/crypto_struct.h:407:20:psa_set_key_algorithm	16	static
../Core/Inc/psa/crypto_struct.h:419:20:psa_set_key_type	16	static
../Core/Inc/psa/crypto_struct.h:441:22:psa_get_key_bits	16	static
../Core/Inc/mbedtls/psa_util.h:121:31:mbedtls_md_psa_alg_from_type	16	static
../Core/Inc/ssl_misc.h:2100:19:mbedtls_ssl_tls13_key_exchange_mode_check	16	static
../Core/Inc/ssl_misc.h:2106:19:mbedtls_ssl_tls13_key_exchange_mode_with_psk	16	static
../Core/Inc/ssl_misc.h:2113:19:mbedtls_ssl_tls13_key_exchange_mode_with_ephemeral	16	static
../Core/Inc/ssl_misc.h:2338:19:mbedtls_ssl_tls13_named_group_is_ecdhe	16	static
../Core/Inc/ssl_misc.h:2347:19:mbedtls_ssl_tls13_named_group_is_ffdh	16	static
../Core/Src/mbedtls/ssl_tls13_keys.c:29:12:local_err_translation	16	static
../Core/Src/mbedtls/ssl_tls13_keys.c:99:13:ssl_tls13_hkdf_encode_label	40	static
../Core/Src/mbedtls/ssl_tls13_keys.c:140:5:mbedtls_ssl_tls13_hkdf_expand_label	728	static
../Core/Src/mbedtls/ssl_tls13_keys.c:221:12:ssl_tls13_make_traffic_key	56	static
../Core/Src/mbedtls/ssl_tls13_keys.c:264:5:mbedtls_ssl_tls13_make_traffic_keys	48	static
../Core/Src/mbedtls/ssl_tls13_keys.c:295:5:mbedtls_ssl_tls13_derive_secret	120	static
../Core/Src/mbedtls/ssl_tls13_keys.c:334:5:mbedtls_ssl_tls13_evolve_secret	768	static
../Core/Src/mbedtls/ssl_tls13_keys.c:423:5:mbedtls_ssl_tls13_derive_early_secrets	56	static
../Core/Src/mbedtls/ssl_tls13_keys.c:481:5:mbedtls_ssl_tls13_derive_handshake_secrets	56	static
../Core/Src/mbedtls/ssl_tls13_keys.c:547:5:mbedtls_ssl_tls13_derive_application_secrets	56	static
../Core/Src/mbedtls/ssl_tls13_keys.c:623:5:mbedtls_ssl_tls13_derive_resumption_master_secret	56	static
../Core/Src/mbedtls/ssl_tls13_keys.c:671:12:ssl_tls13_key_schedule_stage_application	48	static
../Core/Src/mbedtls/ssl_tls13_keys.c:699:12:ssl_tls13_calc_finished_core	160	static
../Core/Src/mbedtls/ssl_tls13_keys.c:772:5:mbedtls_ssl_tls13_calculate_verify_data	136	static
../Core/Src/mbedtls/ssl_tls13_keys.c:834:5:mbedtls_ssl_tls13_create_psk_binder	192	static
../Core/Src/mbedtls/ssl_tls13_keys.c:924:5:mbedtls_ssl_tls13_populate_transform	72	static
../Core/Src/mbedtls/ssl_tls13_keys.c:1093:12:ssl_tls13_get_cipher_key_info	56	static
../Core/Src/mbedtls/ssl_tls13_keys.c:1276:5:mbedtls_ssl_tls13_key_schedule_stage_early	56	static
../Core/Src/mbedtls/ssl_tls13_keys.c:1335:12:ssl_tls13_generate_handshake_keys	144	static
../Core/Src/mbedtls/ssl_tls13_keys.c:1466:12:ssl_tls13_key_schedule_stage_handshake	96	static
../Core/Src/mbedtls/ssl_tls13_keys.c:1573:12:ssl_tls13_generate_application_keys	144	static
../Core/Src/mbedtls/ssl_tls13_keys.c:1697:5:mbedtls_ssl_tls13_compute_handshake_transform	144	static
../Core/Src/mbedtls/ssl_tls13_keys.c:1747:5:mbedtls_ssl_tls13_compute_resumption_master_secret	120	static
../Core/Src/mbedtls/ssl_tls13_keys.c:1790:5:mbedtls_ssl_tls13_compute_application_transform	136	static
../Core/Src/mbedtls/ssl_tls13_keys.c:1840:5:mbedtls_ssl_tls13_export_handshake_psk	24	static
