../Core/Src/PN532.c:53:5:PN532_WriteFrame	296	static
../Core/Src/PN532.c:93:5:PN532_ReadFrame	296	static
../Core/Src/PN532.c:152:5:PN532_CallFunction	296	static
../Core/Src/PN532.c:208:5:PN532_GetFirmwareVersion	32	static
../Core/Src/PN532.c:221:5:PN532_SamConfiguration	40	static
../Core/Src/PN532.c:241:5:PN532_ReadPassiveTarget	72	static
../Core/Src/PN532.c:279:5:PN532_MifareClassicAuthenticateBlock	64	static
../Core/Src/PN532.c:314:5:PN532_MifareClassicReadBlock	64	static
../Core/Src/PN532.c:338:5:PN532_MifareClassicWriteBlock	64	static
../Core/Src/PN532.c:359:5:PN532_Ntag2xxReadBlock	64	static
../Core/Src/PN532.c:386:5:PN532_Ntag2xxWriteBlock	56	static
../Core/Src/PN532.c:414:5:PN532_ReadGpio	32	static
../Core/Src/PN532.c:423:6:PN532_ReadGpioP	40	static
../Core/Src/PN532.c:440:6:PN532_ReadGpioI	40	static
../Core/Src/PN532.c:469:5:PN532_WriteGpio	40	static
../Core/Src/PN532.c:483:5:PN532_WriteGpioP	40	static
../Core/Src/PN532.c:530:13:calculate_sha1	120	static
../Core/Src/PN532.c:540:13:calculate_3des	440	static
../Core/Src/PN532.c:559:13:calculate_mrz_key	80	static
../Core/Src/PN532.c:575:12:calculate_KIC	768	static
../Core/Src/PN532.c:601:6:adjustParity	32	static
../Core/Src/PN532.c:618:6:calculate_Kenc_Kmac	96	static
../Core/Src/PN532.c:655:13:derive_session_keys	88	static
../Core/Src/PN532.c:680:6:calculate_SSC	24	static
../Core/Src/PN532.c:693:5:perform_bac	528	static
../Core/Src/PN532.c:772:5:CIN_data	440	static
../Core/Src/PN532.c:797:5:read_identity_card	304	static
../Core/Src/PN532.c:827:5:apply_secure_messaging	376	static
../Core/Src/PN532.c:850:5:decrypt_secure_messaging	336	static
../Core/Src/PN532.c:868:6:compute_retail_mac	584	static
