../Core/Src/PN532.c:48:5:PN532_WriteFrame	296	static
../Core/Src/PN532.c:88:5:PN532_ReadFrame	296	static
../Core/Src/PN532.c:147:5:PN532_CallFunction	296	static
../Core/Src/PN532.c:203:5:PN532_GetFirmwareVersion	32	static
../Core/Src/PN532.c:216:5:PN532_SamConfiguration	40	static
../Core/Src/PN532.c:236:5:PN532_ReadPassiveTarget	72	static
../Core/Src/PN532.c:274:5:PN532_MifareClassicAuthenticateBlock	64	static
../Core/Src/PN532.c:309:5:PN532_MifareClassicReadBlock	64	static
../Core/Src/PN532.c:333:5:PN532_MifareClassicWriteBlock	64	static
../Core/Src/PN532.c:354:5:PN532_Ntag2xxReadBlock	64	static
../Core/Src/PN532.c:381:5:PN532_Ntag2xxWriteBlock	56	static
../Core/Src/PN532.c:409:5:PN532_ReadGpio	32	static
../Core/Src/PN532.c:418:6:PN532_ReadGpioP	40	static
../Core/Src/PN532.c:435:6:PN532_ReadGpioI	40	static
../Core/Src/PN532.c:464:5:PN532_WriteGpio	40	static
../Core/Src/PN532.c:478:5:PN532_WriteGpioP	40	static
../Core/Src/PN532.c:525:13:calculate_sha1	120	static
../Core/Src/PN532.c:535:13:calculate_3des	416	static
../Core/Src/PN532.c:552:13:calculate_mrz_key	80	static
../Core/Src/PN532.c:569:13:derive_session_keys	88	static
../Core/Src/PN532.c:594:5:perform_bac	488	static
../Core/Src/PN532.c:638:5:CIN_data	568	static
../Core/Src/PN532.c:667:5:read_identity_card	296	static
